22:21:46 **** Incremental Build of configuration Debug for project Final_Project ****
make -j12 all 
arm-none-eabi-gcc "../Core/Src/main.c" -mcpu=cortex-m4 -std=gnu11 -g3 -DDEBUG -DUSE_HAL_DRIVER -DSTM32F411xE -c -I../Core/Inc -I../Drivers/STM32F4xx_HAL_Driver/Inc -I../Drivers/STM32F4xx_HAL_Driver/Inc/Legacy -I../Drivers/CMSIS/Device/ST/STM32F4xx/Include -I../Drivers/CMSIS/Include -O0 -ffunction-sections -fdata-sections -Wall -fstack-usage -MMD -MP -MF"Core/Src/main.d" -MT"Core/Src/main.o" --specs=nano.specs -mfpu=fpv4-sp-d16 -mfloat-abi=hard -mthumb -o "Core/Src/main.o"
../Core/Src/main.c: In function 'main':
../Core/Src/main.c:108:43: warning: comparison between 'GPIO_PinState' and 'enum <anonymous>' [-Wenum-compare]
  108 |   if (HAL_GPIO_ReadPin(GPIOB, GPIO_PIN_1) == HAL_OK) { //detected Sound
      |                                           ^~
arm-none-eabi-gcc -o "Final_Project.elf" @"objects.list"   -mcpu=cortex-m4 -T"D:\OneDrive\University\year_2\semester_2\2110366_EMBEDDED_SYS_LAB_I\Project\Repository\2110366_EMBEDDED_SYS_LAB_I_Project\STM32_Project\Final_Project\STM32F411RETX_FLASH.ld" --specs=nosys.specs -Wl,-Map="Final_Project.map" -Wl,--gc-sections -static --specs=nano.specs -mfpu=fpv4-sp-d16 -mfloat-abi=hard -mthumb -Wl,--start-group -lc -lm -Wl,--end-group
Finished building target: Final_Project.elf
 
arm-none-eabi-size   Final_Project.elf 
arm-none-eabi-objdump -h -S  Final_Project.elf  > "Final_Project.list"
   text	   data	    bss	    dec	    hex	filename
   9548	     20	   1708	  11276	   2c0c	Final_Project.elf
Finished building: default.size.stdout
 
Finished building: Final_Project.list
 

22:21:46 Build Finished. 0 errors, 1 warnings. (took 655ms)

